--------------------------------------------------------------------------------
Release 14.7 Trace  (lin64)
Copyright (c) 1995-2013 Xilinx, Inc.  All rights reserved.

/opt/Xilinx/14.7/ISE_DS/ISE/bin/lin64/unwrapped/trce -intstyle ise -v 3 -s 3 -n
3 -fastpaths -xml okt_sno_top.twx okt_sno_top.ncd -o okt_sno_top.twr
okt_sno_top.pcf

Design file:              okt_sno_top.ncd
Physical constraint file: okt_sno_top.pcf
Device,package,speed:     xc6slx150t,fgg484,C,-3 (PRODUCTION 1.23 2013-10-13)
Report level:             verbose report

Environment Variable      Effect 
--------------------      ------ 
NONE                      No environment variables were set
--------------------------------------------------------------------------------

INFO:Timing:2698 - No timing constraints found, doing default enumeration.
INFO:Timing:3412 - To improve timing, see the Timing Closure User Guide (UG612).
INFO:Timing:2752 - To get complete path coverage, use the unconstrained paths 
   option. All paths that are not constrained will be reported in the 
   unconstrained paths section(s) of the report.
INFO:Timing:3339 - The clock-to-out numbers in this timing report are based on 
   a 50 Ohm transmission line loading model.  For the details of this model, 
   and for more information on accounting for different loading conditions, 
   please see the device datasheet.



Data Sheet report:
-----------------
All values displayed in nanoseconds (ns)

Setup/Hold to clock clock
------------+------------+------------+------------+------------+------------------+--------+
            |Max Setup to|  Process   |Max Hold to |  Process   |                  | Clock  |
Source      | clk (edge) |   Corner   | clk (edge) |   Corner   |Internal Clock(s) | Phase  |
------------+------------+------------+------------+------------+------------------+--------+
AER_ACK     |    2.874(R)|      SLOW  |   -1.671(R)|      FAST  |clock_BUFGP       |   0.000|
rst_ext     |    7.820(R)|      SLOW  |   -4.495(R)|      FAST  |clock_BUFGP       |   0.000|
------------+------------+------------+------------+------------+------------------+--------+

Clock clock to Pad
---------------+-----------------+------------+-----------------+------------+------------------+--------+
               |Max (slowest) clk|  Process   |Min (fastest) clk|  Process   |                  | Clock  |
Destination    |  (edge) to PAD  |   Corner   |  (edge) to PAD  |   Corner   |Internal Clock(s) | Phase  |
---------------+-----------------+------------+-----------------+------------+------------------+--------+
AER_DATA_OUT<0>|        10.219(R)|      SLOW  |         5.642(R)|      FAST  |clock_BUFGP       |   0.000|
AER_DATA_OUT<1>|         9.935(R)|      SLOW  |         5.479(R)|      FAST  |clock_BUFGP       |   0.000|
AER_DATA_OUT<2>|         9.742(R)|      SLOW  |         5.357(R)|      FAST  |clock_BUFGP       |   0.000|
AER_DATA_OUT<3>|         8.720(R)|      SLOW  |         4.735(R)|      FAST  |clock_BUFGP       |   0.000|
AER_DATA_OUT<4>|         8.703(R)|      SLOW  |         4.723(R)|      FAST  |clock_BUFGP       |   0.000|
AER_DATA_OUT<5>|         8.649(R)|      SLOW  |         4.694(R)|      FAST  |clock_BUFGP       |   0.000|
AER_DATA_OUT<6>|         9.110(R)|      SLOW  |         4.995(R)|      FAST  |clock_BUFGP       |   0.000|
AER_DATA_OUT<7>|        12.119(R)|      SLOW  |         6.750(R)|      FAST  |clock_BUFGP       |   0.000|
AER_REQ        |        10.235(R)|      SLOW  |         5.658(R)|      FAST  |clock_BUFGP       |   0.000|
---------------+-----------------+------------+-----------------+------------+------------------+--------+

Clock to Setup on destination clock clock
---------------+---------+---------+---------+---------+
               | Src:Rise| Src:Fall| Src:Rise| Src:Fall|
Source Clock   |Dest:Rise|Dest:Rise|Dest:Fall|Dest:Fall|
---------------+---------+---------+---------+---------+
clock          |    2.192|         |         |         |
---------------+---------+---------+---------+---------+


Analysis completed Thu Mar 13 12:17:33 2025 
--------------------------------------------------------------------------------

Trace Settings:
-------------------------
Trace Settings 

Peak Memory Usage: 541 MB



