--------------------------------------------------------------------------------
Release 14.7 Trace  (lin64)
Copyright (c) 1995-2013 Xilinx, Inc.  All rights reserved.

/opt/Xilinx/14.7/ISE_DS/ISE/bin/lin64/unwrapped/trce -intstyle ise -v 3 -s 3 -n
3 -fastpaths -xml OpenNas_Cascade_STEREO_64ch.twx
OpenNas_Cascade_STEREO_64ch.ncd -o OpenNas_Cascade_STEREO_64ch.twr
OpenNas_Cascade_STEREO_64ch.pcf

Design file:              OpenNas_Cascade_STEREO_64ch.ncd
Physical constraint file: OpenNas_Cascade_STEREO_64ch.pcf
Device,package,speed:     xc6slx150t,fgg484,C,-3 (PRODUCTION 1.23 2013-10-13)
Report level:             verbose report

Environment Variable      Effect 
--------------------      ------ 
NONE                      No environment variables were set
--------------------------------------------------------------------------------

INFO:Timing:2698 - No timing constraints found, doing default enumeration.
INFO:Timing:3412 - To improve timing, see the Timing Closure User Guide (UG612).
INFO:Timing:2752 - To get complete path coverage, use the unconstrained paths 
   option. All paths that are not constrained will be reported in the 
   unconstrained paths section(s) of the report.
INFO:Timing:3339 - The clock-to-out numbers in this timing report are based on 
   a 50 Ohm transmission line loading model.  For the details of this model, 
   and for more information on accounting for different loading conditions, 
   please see the device datasheet.



Data Sheet report:
-----------------
All values displayed in nanoseconds (ns)

Setup/Hold to clock clock
------------+------------+------------+------------+------------+------------------+--------+
            |Max Setup to|  Process   |Max Hold to |  Process   |                  | Clock  |
Source      | clk (edge) |   Corner   | clk (edge) |   Corner   |Internal Clock(s) | Phase  |
------------+------------+------------+------------+------------+------------------+--------+
AER_ACK     |    1.503(R)|      SLOW  |   -0.480(R)|      SLOW  |clock_BUFGP       |   0.000|
i2s_bclk    |    3.819(R)|      SLOW  |   -2.290(R)|      FAST  |clock_BUFGP       |   0.000|
i2s_d_in    |    2.348(R)|      SLOW  |   -1.267(R)|      FAST  |clock_BUFGP       |   0.000|
i2s_lr      |    5.211(R)|      SLOW  |   -3.314(R)|      FAST  |clock_BUFGP       |   0.000|
rst_ext     |   27.240(R)|      SLOW  |    1.134(R)|      SLOW  |clock_BUFGP       |   0.000|
------------+------------+------------+------------+------------+------------------+--------+

Clock clock to Pad
----------------+-----------------+------------+-----------------+------------+------------------+--------+
                |Max (slowest) clk|  Process   |Min (fastest) clk|  Process   |                  | Clock  |
Destination     |  (edge) to PAD  |   Corner   |  (edge) to PAD  |   Corner   |Internal Clock(s) | Phase  |
----------------+-----------------+------------+-----------------+------------+------------------+--------+
AER_DATA_OUT<0> |         9.012(R)|      SLOW  |         4.991(R)|      FAST  |clock_BUFGP       |   0.000|
AER_DATA_OUT<1> |         9.190(R)|      SLOW  |         5.133(R)|      FAST  |clock_BUFGP       |   0.000|
AER_DATA_OUT<2> |         8.764(R)|      SLOW  |         4.841(R)|      FAST  |clock_BUFGP       |   0.000|
AER_DATA_OUT<3> |         9.068(R)|      SLOW  |         4.998(R)|      FAST  |clock_BUFGP       |   0.000|
AER_DATA_OUT<4> |         8.273(R)|      SLOW  |         4.506(R)|      FAST  |clock_BUFGP       |   0.000|
AER_DATA_OUT<5> |         8.433(R)|      SLOW  |         4.602(R)|      FAST  |clock_BUFGP       |   0.000|
AER_DATA_OUT<6> |         8.484(R)|      SLOW  |         4.643(R)|      FAST  |clock_BUFGP       |   0.000|
AER_DATA_OUT<7> |         8.774(R)|      SLOW  |         4.808(R)|      FAST  |clock_BUFGP       |   0.000|
AER_DATA_OUT<8> |         9.072(R)|      SLOW  |         4.977(R)|      FAST  |clock_BUFGP       |   0.000|
AER_DATA_OUT<9> |         9.688(R)|      SLOW  |         5.340(R)|      FAST  |clock_BUFGP       |   0.000|
AER_DATA_OUT<10>|         9.645(R)|      SLOW  |         5.327(R)|      FAST  |clock_BUFGP       |   0.000|
AER_DATA_OUT<11>|         8.890(R)|      SLOW  |         4.858(R)|      FAST  |clock_BUFGP       |   0.000|
AER_DATA_OUT<12>|         8.990(R)|      SLOW  |         4.914(R)|      FAST  |clock_BUFGP       |   0.000|
AER_DATA_OUT<13>|         8.830(R)|      SLOW  |         4.824(R)|      FAST  |clock_BUFGP       |   0.000|
AER_DATA_OUT<14>|         9.317(R)|      SLOW  |         5.119(R)|      FAST  |clock_BUFGP       |   0.000|
AER_DATA_OUT<15>|         8.860(R)|      SLOW  |         4.828(R)|      FAST  |clock_BUFGP       |   0.000|
AER_REQ         |        11.940(R)|      SLOW  |         6.708(R)|      FAST  |clock_BUFGP       |   0.000|
----------------+-----------------+------------+-----------------+------------+------------------+--------+

Clock to Setup on destination clock clock
---------------+---------+---------+---------+---------+
               | Src:Rise| Src:Fall| Src:Rise| Src:Fall|
Source Clock   |Dest:Rise|Dest:Rise|Dest:Fall|Dest:Fall|
---------------+---------+---------+---------+---------+
clock          |   11.371|         |         |         |
---------------+---------+---------+---------+---------+


Analysis completed Wed Mar 19 10:44:59 2025 
--------------------------------------------------------------------------------

Trace Settings:
-------------------------
Trace Settings 

Peak Memory Usage: 957 MB



