Copyright 1986-2022 Xilinx, Inc. All Rights Reserved.
---------------------------------------------------------------------------------------------------------------------------------------
| Tool Version : Vivado v.2022.1 (lin64) Build 3526262 Mon Apr 18 15:47:01 MDT 2022
| Date         : Wed Jul  2 11:08:54 2025
| Host         : us running 64-bit Ubuntu 20.04.6 LTS
| Command      : report_drc -file design_1_wrapper_drc_opted.rpt -pb design_1_wrapper_drc_opted.pb -rpx design_1_wrapper_drc_opted.rpx
| Design       : design_1_wrapper
| Device       : xc7a200tfbg484-1
| Speed File   : -1
| Design State : Synthesized
---------------------------------------------------------------------------------------------------------------------------------------

Report DRC

Table of Contents
-----------------
1. REPORT SUMMARY
2. REPORT DETAILS

1. REPORT SUMMARY
-----------------
            Netlist: netlist
          Floorplan: design_1
      Design limits: <entire design considered>
           Ruledeck: default
             Max violations: <unlimited>
             Violations found: 45
+-----------+----------+----------------------------+------------+
| Rule      | Severity | Description                | Violations |
+-----------+----------+----------------------------+------------+
| CHECK-3   | Warning  | Report rule limit reached  | 2          |
| IOSR-1    | Warning  | IOB set reset sharing      | 3          |
| REQP-1839 | Warning  | RAMB36 async control check | 20         |
| REQP-1840 | Warning  | RAMB18 async control check | 20         |
+-----------+----------+----------------------------+------------+

2. REPORT DETAILS
-----------------
CHECK-3#1 Warning
Report rule limit reached  
REQP-1839 rule limit reached: 20 violations have been found.
Related violations: <none>

CHECK-3#2 Warning
Report rule limit reached  
REQP-1840 rule limit reached: 20 violations have been found.
Related violations: <none>

IOSR-1#1 Warning
IOB set reset sharing  
IO i2s_bclk connects to flops which have these design_1_i/OpenNas_Cascade_STER_0/inst/U_I2S_Stereo/U_i2s_interface/source_sel_0
design_1_i/OpenNas_Parallel_STE_0/inst/U_I2S_Stereo/U_i2s_interface/source_sel_0 set/reset signals.  For optimal IOB flop packing there should be only one set/reset signal coming into the IOB.
Related violations: <none>

IOSR-1#2 Warning
IOB set reset sharing  
IO i2s_d_in connects to flops which have these design_1_i/OpenNas_Cascade_STER_0/inst/U_I2S_Stereo/U_i2s_interface/source_sel_0
design_1_i/OpenNas_Parallel_STE_0/inst/U_I2S_Stereo/U_i2s_interface/source_sel_0 set/reset signals.  For optimal IOB flop packing there should be only one set/reset signal coming into the IOB.
Related violations: <none>

IOSR-1#3 Warning
IOB set reset sharing  
IO i2s_lr connects to flops which have these design_1_i/OpenNas_Cascade_STER_0/inst/U_I2S_Stereo/U_i2s_interface/source_sel_0
design_1_i/OpenNas_Parallel_STE_0/inst/U_I2S_Stereo/U_i2s_interface/source_sel_0 set/reset signals.  For optimal IOB flop packing there should be only one set/reset signal coming into the IOB.
Related violations: <none>

REQP-1839#1 Warning
RAMB36 async control check  
The RAMB36E1 design_1_i/okt_top_0/inst/cu_inst/okHI/core0/core0/r0 has an input control pin design_1_i/okt_top_0/inst/cu_inst/okHI/core0/core0/r0/ADDRARDADDR[10] (net: design_1_i/okt_top_0/inst/cu_inst/okHI/core0/core0/l287f1d33aab074157010cd04cb03cd77_reg_n_0_[5]) which is driven by a register (design_1_i/okt_top_0/inst/cu_inst/okHI/core0/core0/l287f1d33aab074157010cd04cb03cd77_reg[5]) that has an active asychronous set or reset. This may cause corruption of the memory contents and/or read values when the set/reset is asserted and is not analyzed by the default static timing analysis. It is suggested to eliminate the use of a set/reset to registers driving this RAMB pin or else use a synchronous reset in which the assertion of the reset is timed by default.
Related violations: <none>

REQP-1839#2 Warning
RAMB36 async control check  
The RAMB36E1 design_1_i/okt_top_0/inst/cu_inst/okHI/core0/core0/r0 has an input control pin design_1_i/okt_top_0/inst/cu_inst/okHI/core0/core0/r0/ADDRARDADDR[11] (net: design_1_i/okt_top_0/inst/cu_inst/okHI/core0/core0/l287f1d33aab074157010cd04cb03cd77_reg_n_0_[6]) which is driven by a register (design_1_i/okt_top_0/inst/cu_inst/okHI/core0/core0/l287f1d33aab074157010cd04cb03cd77_reg[6]) that has an active asychronous set or reset. This may cause corruption of the memory contents and/or read values when the set/reset is asserted and is not analyzed by the default static timing analysis. It is suggested to eliminate the use of a set/reset to registers driving this RAMB pin or else use a synchronous reset in which the assertion of the reset is timed by default.
Related violations: <none>

REQP-1839#3 Warning
RAMB36 async control check  
The RAMB36E1 design_1_i/okt_top_0/inst/cu_inst/okHI/core0/core0/r0 has an input control pin design_1_i/okt_top_0/inst/cu_inst/okHI/core0/core0/r0/ADDRARDADDR[12] (net: design_1_i/okt_top_0/inst/cu_inst/okHI/core0/core0/l287f1d33aab074157010cd04cb03cd77_reg_n_0_[7]) which is driven by a register (design_1_i/okt_top_0/inst/cu_inst/okHI/core0/core0/l287f1d33aab074157010cd04cb03cd77_reg[7]) that has an active asychronous set or reset. This may cause corruption of the memory contents and/or read values when the set/reset is asserted and is not analyzed by the default static timing analysis. It is suggested to eliminate the use of a set/reset to registers driving this RAMB pin or else use a synchronous reset in which the assertion of the reset is timed by default.
Related violations: <none>

REQP-1839#4 Warning
RAMB36 async control check  
The RAMB36E1 design_1_i/okt_top_0/inst/cu_inst/okHI/core0/core0/r0 has an input control pin design_1_i/okt_top_0/inst/cu_inst/okHI/core0/core0/r0/ADDRARDADDR[13] (net: design_1_i/okt_top_0/inst/cu_inst/okHI/core0/core0/l287f1d33aab074157010cd04cb03cd77_reg_n_0_[8]) which is driven by a register (design_1_i/okt_top_0/inst/cu_inst/okHI/core0/core0/l287f1d33aab074157010cd04cb03cd77_reg[8]) that has an active asychronous set or reset. This may cause corruption of the memory contents and/or read values when the set/reset is asserted and is not analyzed by the default static timing analysis. It is suggested to eliminate the use of a set/reset to registers driving this RAMB pin or else use a synchronous reset in which the assertion of the reset is timed by default.
Related violations: <none>

REQP-1839#5 Warning
RAMB36 async control check  
The RAMB36E1 design_1_i/okt_top_0/inst/cu_inst/okHI/core0/core0/r0 has an input control pin design_1_i/okt_top_0/inst/cu_inst/okHI/core0/core0/r0/ADDRARDADDR[5] (net: design_1_i/okt_top_0/inst/cu_inst/okHI/core0/core0/l287f1d33aab074157010cd04cb03cd77_reg_n_0_[0]) which is driven by a register (design_1_i/okt_top_0/inst/cu_inst/okHI/core0/core0/l287f1d33aab074157010cd04cb03cd77_reg[0]) that has an active asychronous set or reset. This may cause corruption of the memory contents and/or read values when the set/reset is asserted and is not analyzed by the default static timing analysis. It is suggested to eliminate the use of a set/reset to registers driving this RAMB pin or else use a synchronous reset in which the assertion of the reset is timed by default.
Related violations: <none>

REQP-1839#6 Warning
RAMB36 async control check  
The RAMB36E1 design_1_i/okt_top_0/inst/cu_inst/okHI/core0/core0/r0 has an input control pin design_1_i/okt_top_0/inst/cu_inst/okHI/core0/core0/r0/ADDRARDADDR[6] (net: design_1_i/okt_top_0/inst/cu_inst/okHI/core0/core0/l287f1d33aab074157010cd04cb03cd77_reg_n_0_[1]) which is driven by a register (design_1_i/okt_top_0/inst/cu_inst/okHI/core0/core0/l287f1d33aab074157010cd04cb03cd77_reg[1]) that has an active asychronous set or reset. This may cause corruption of the memory contents and/or read values when the set/reset is asserted and is not analyzed by the default static timing analysis. It is suggested to eliminate the use of a set/reset to registers driving this RAMB pin or else use a synchronous reset in which the assertion of the reset is timed by default.
Related violations: <none>

REQP-1839#7 Warning
RAMB36 async control check  
The RAMB36E1 design_1_i/okt_top_0/inst/cu_inst/okHI/core0/core0/r0 has an input control pin design_1_i/okt_top_0/inst/cu_inst/okHI/core0/core0/r0/ADDRARDADDR[7] (net: design_1_i/okt_top_0/inst/cu_inst/okHI/core0/core0/l287f1d33aab074157010cd04cb03cd77_reg_n_0_[2]) which is driven by a register (design_1_i/okt_top_0/inst/cu_inst/okHI/core0/core0/l287f1d33aab074157010cd04cb03cd77_reg[2]) that has an active asychronous set or reset. This may cause corruption of the memory contents and/or read values when the set/reset is asserted and is not analyzed by the default static timing analysis. It is suggested to eliminate the use of a set/reset to registers driving this RAMB pin or else use a synchronous reset in which the assertion of the reset is timed by default.
Related violations: <none>

REQP-1839#8 Warning
RAMB36 async control check  
The RAMB36E1 design_1_i/okt_top_0/inst/cu_inst/okHI/core0/core0/r0 has an input control pin design_1_i/okt_top_0/inst/cu_inst/okHI/core0/core0/r0/ADDRARDADDR[8] (net: design_1_i/okt_top_0/inst/cu_inst/okHI/core0/core0/l287f1d33aab074157010cd04cb03cd77_reg_n_0_[3]) which is driven by a register (design_1_i/okt_top_0/inst/cu_inst/okHI/core0/core0/l287f1d33aab074157010cd04cb03cd77_reg[3]) that has an active asychronous set or reset. This may cause corruption of the memory contents and/or read values when the set/reset is asserted and is not analyzed by the default static timing analysis. It is suggested to eliminate the use of a set/reset to registers driving this RAMB pin or else use a synchronous reset in which the assertion of the reset is timed by default.
Related violations: <none>

REQP-1839#9 Warning
RAMB36 async control check  
The RAMB36E1 design_1_i/okt_top_0/inst/cu_inst/okHI/core0/core0/r0 has an input control pin design_1_i/okt_top_0/inst/cu_inst/okHI/core0/core0/r0/ADDRARDADDR[9] (net: design_1_i/okt_top_0/inst/cu_inst/okHI/core0/core0/l287f1d33aab074157010cd04cb03cd77_reg_n_0_[4]) which is driven by a register (design_1_i/okt_top_0/inst/cu_inst/okHI/core0/core0/l287f1d33aab074157010cd04cb03cd77_reg[4]) that has an active asychronous set or reset. This may cause corruption of the memory contents and/or read values when the set/reset is asserted and is not analyzed by the default static timing analysis. It is suggested to eliminate the use of a set/reset to registers driving this RAMB pin or else use a synchronous reset in which the assertion of the reset is timed by default.
Related violations: <none>

REQP-1839#10 Warning
RAMB36 async control check  
The RAMB36E1 design_1_i/okt_top_0/inst/cu_inst/okHI/core0/core0/r0 has an input control pin design_1_i/okt_top_0/inst/cu_inst/okHI/core0/core0/r0/ADDRBWRADDR[10] (net: design_1_i/okt_top_0/inst/cu_inst/okHI/core0/core0/l287f1d33aab074157010cd04cb03cd77_reg_n_0_[5]) which is driven by a register (design_1_i/okt_top_0/inst/cu_inst/okHI/core0/core0/l287f1d33aab074157010cd04cb03cd77_reg[5]) that has an active asychronous set or reset. This may cause corruption of the memory contents and/or read values when the set/reset is asserted and is not analyzed by the default static timing analysis. It is suggested to eliminate the use of a set/reset to registers driving this RAMB pin or else use a synchronous reset in which the assertion of the reset is timed by default.
Related violations: <none>

REQP-1839#11 Warning
RAMB36 async control check  
The RAMB36E1 design_1_i/okt_top_0/inst/cu_inst/okHI/core0/core0/r0 has an input control pin design_1_i/okt_top_0/inst/cu_inst/okHI/core0/core0/r0/ADDRBWRADDR[11] (net: design_1_i/okt_top_0/inst/cu_inst/okHI/core0/core0/l287f1d33aab074157010cd04cb03cd77_reg_n_0_[6]) which is driven by a register (design_1_i/okt_top_0/inst/cu_inst/okHI/core0/core0/l287f1d33aab074157010cd04cb03cd77_reg[6]) that has an active asychronous set or reset. This may cause corruption of the memory contents and/or read values when the set/reset is asserted and is not analyzed by the default static timing analysis. It is suggested to eliminate the use of a set/reset to registers driving this RAMB pin or else use a synchronous reset in which the assertion of the reset is timed by default.
Related violations: <none>

REQP-1839#12 Warning
RAMB36 async control check  
The RAMB36E1 design_1_i/okt_top_0/inst/cu_inst/okHI/core0/core0/r0 has an input control pin design_1_i/okt_top_0/inst/cu_inst/okHI/core0/core0/r0/ADDRBWRADDR[12] (net: design_1_i/okt_top_0/inst/cu_inst/okHI/core0/core0/l287f1d33aab074157010cd04cb03cd77_reg_n_0_[7]) which is driven by a register (design_1_i/okt_top_0/inst/cu_inst/okHI/core0/core0/l287f1d33aab074157010cd04cb03cd77_reg[7]) that has an active asychronous set or reset. This may cause corruption of the memory contents and/or read values when the set/reset is asserted and is not analyzed by the default static timing analysis. It is suggested to eliminate the use of a set/reset to registers driving this RAMB pin or else use a synchronous reset in which the assertion of the reset is timed by default.
Related violations: <none>

REQP-1839#13 Warning
RAMB36 async control check  
The RAMB36E1 design_1_i/okt_top_0/inst/cu_inst/okHI/core0/core0/r0 has an input control pin design_1_i/okt_top_0/inst/cu_inst/okHI/core0/core0/r0/ADDRBWRADDR[13] (net: design_1_i/okt_top_0/inst/cu_inst/okHI/core0/core0/l287f1d33aab074157010cd04cb03cd77_reg_n_0_[8]) which is driven by a register (design_1_i/okt_top_0/inst/cu_inst/okHI/core0/core0/l287f1d33aab074157010cd04cb03cd77_reg[8]) that has an active asychronous set or reset. This may cause corruption of the memory contents and/or read values when the set/reset is asserted and is not analyzed by the default static timing analysis. It is suggested to eliminate the use of a set/reset to registers driving this RAMB pin or else use a synchronous reset in which the assertion of the reset is timed by default.
Related violations: <none>

REQP-1839#14 Warning
RAMB36 async control check  
The RAMB36E1 design_1_i/okt_top_0/inst/cu_inst/okHI/core0/core0/r0 has an input control pin design_1_i/okt_top_0/inst/cu_inst/okHI/core0/core0/r0/ADDRBWRADDR[5] (net: design_1_i/okt_top_0/inst/cu_inst/okHI/core0/core0/l287f1d33aab074157010cd04cb03cd77_reg_n_0_[0]) which is driven by a register (design_1_i/okt_top_0/inst/cu_inst/okHI/core0/core0/l287f1d33aab074157010cd04cb03cd77_reg[0]) that has an active asychronous set or reset. This may cause corruption of the memory contents and/or read values when the set/reset is asserted and is not analyzed by the default static timing analysis. It is suggested to eliminate the use of a set/reset to registers driving this RAMB pin or else use a synchronous reset in which the assertion of the reset is timed by default.
Related violations: <none>

REQP-1839#15 Warning
RAMB36 async control check  
The RAMB36E1 design_1_i/okt_top_0/inst/cu_inst/okHI/core0/core0/r0 has an input control pin design_1_i/okt_top_0/inst/cu_inst/okHI/core0/core0/r0/ADDRBWRADDR[6] (net: design_1_i/okt_top_0/inst/cu_inst/okHI/core0/core0/l287f1d33aab074157010cd04cb03cd77_reg_n_0_[1]) which is driven by a register (design_1_i/okt_top_0/inst/cu_inst/okHI/core0/core0/l287f1d33aab074157010cd04cb03cd77_reg[1]) that has an active asychronous set or reset. This may cause corruption of the memory contents and/or read values when the set/reset is asserted and is not analyzed by the default static timing analysis. It is suggested to eliminate the use of a set/reset to registers driving this RAMB pin or else use a synchronous reset in which the assertion of the reset is timed by default.
Related violations: <none>

REQP-1839#16 Warning
RAMB36 async control check  
The RAMB36E1 design_1_i/okt_top_0/inst/cu_inst/okHI/core0/core0/r0 has an input control pin design_1_i/okt_top_0/inst/cu_inst/okHI/core0/core0/r0/ADDRBWRADDR[7] (net: design_1_i/okt_top_0/inst/cu_inst/okHI/core0/core0/l287f1d33aab074157010cd04cb03cd77_reg_n_0_[2]) which is driven by a register (design_1_i/okt_top_0/inst/cu_inst/okHI/core0/core0/l287f1d33aab074157010cd04cb03cd77_reg[2]) that has an active asychronous set or reset. This may cause corruption of the memory contents and/or read values when the set/reset is asserted and is not analyzed by the default static timing analysis. It is suggested to eliminate the use of a set/reset to registers driving this RAMB pin or else use a synchronous reset in which the assertion of the reset is timed by default.
Related violations: <none>

REQP-1839#17 Warning
RAMB36 async control check  
The RAMB36E1 design_1_i/okt_top_0/inst/cu_inst/okHI/core0/core0/r0 has an input control pin design_1_i/okt_top_0/inst/cu_inst/okHI/core0/core0/r0/ADDRBWRADDR[8] (net: design_1_i/okt_top_0/inst/cu_inst/okHI/core0/core0/l287f1d33aab074157010cd04cb03cd77_reg_n_0_[3]) which is driven by a register (design_1_i/okt_top_0/inst/cu_inst/okHI/core0/core0/l287f1d33aab074157010cd04cb03cd77_reg[3]) that has an active asychronous set or reset. This may cause corruption of the memory contents and/or read values when the set/reset is asserted and is not analyzed by the default static timing analysis. It is suggested to eliminate the use of a set/reset to registers driving this RAMB pin or else use a synchronous reset in which the assertion of the reset is timed by default.
Related violations: <none>

REQP-1839#18 Warning
RAMB36 async control check  
The RAMB36E1 design_1_i/okt_top_0/inst/cu_inst/okHI/core0/core0/r0 has an input control pin design_1_i/okt_top_0/inst/cu_inst/okHI/core0/core0/r0/ADDRBWRADDR[9] (net: design_1_i/okt_top_0/inst/cu_inst/okHI/core0/core0/l287f1d33aab074157010cd04cb03cd77_reg_n_0_[4]) which is driven by a register (design_1_i/okt_top_0/inst/cu_inst/okHI/core0/core0/l287f1d33aab074157010cd04cb03cd77_reg[4]) that has an active asychronous set or reset. This may cause corruption of the memory contents and/or read values when the set/reset is asserted and is not analyzed by the default static timing analysis. It is suggested to eliminate the use of a set/reset to registers driving this RAMB pin or else use a synchronous reset in which the assertion of the reset is timed by default.
Related violations: <none>

REQP-1839#19 Warning
RAMB36 async control check  
The RAMB36E1 design_1_i/okt_top_0/inst/cu_inst/okHI/core0/core0/r0 has an input control pin design_1_i/okt_top_0/inst/cu_inst/okHI/core0/core0/r0/ENBWREN (net: design_1_i/okt_top_0/inst/cu_inst/okHI/core0/core0/l2fd7e1a4c1a262bf4062db5f061b7878) which is driven by a register (design_1_i/okt_top_0/inst/cu_inst/okHI/core0/core0/l2fd7e1a4c1a262bf4062db5f061b7878_reg) that has an active asychronous set or reset. This may cause corruption of the memory contents and/or read values when the set/reset is asserted and is not analyzed by the default static timing analysis. It is suggested to eliminate the use of a set/reset to registers driving this RAMB pin or else use a synchronous reset in which the assertion of the reset is timed by default.
Related violations: <none>

REQP-1839#20 Warning
RAMB36 async control check  
The RAMB36E1 design_1_i/okt_top_0/inst/cu_inst/okHI/core0/core0/r0 has an input control pin design_1_i/okt_top_0/inst/cu_inst/okHI/core0/core0/r0/WEBWE[2] (net: design_1_i/okt_top_0/inst/cu_inst/okHI/core0/core0/l2fd7e1a4c1a262bf4062db5f061b7878) which is driven by a register (design_1_i/okt_top_0/inst/cu_inst/okHI/core0/core0/l2fd7e1a4c1a262bf4062db5f061b7878_reg) that has an active asychronous set or reset. This may cause corruption of the memory contents and/or read values when the set/reset is asserted and is not analyzed by the default static timing analysis. It is suggested to eliminate the use of a set/reset to registers driving this RAMB pin or else use a synchronous reset in which the assertion of the reset is timed by default.
Related violations: <none>

REQP-1840#1 Warning
RAMB18 async control check  
The RAMB18E1 design_1_i/OpenNas_Cascade_STER_0/inst/U_AER_Distributed_Monitor/U_AER_OUT/U_fifo/uut/RAM_reg has an input control pin design_1_i/OpenNas_Cascade_STER_0/inst/U_AER_Distributed_Monitor/U_AER_OUT/U_fifo/uut/RAM_reg/ADDRARDADDR[10] (net: design_1_i/OpenNas_Cascade_STER_0/inst/U_AER_Distributed_Monitor/U_AER_OUT/U_fifo/uut/RAM_reg_1[7]) which is driven by a register (design_1_i/OpenNas_Cascade_STER_0/inst/U_AER_Distributed_Monitor/U_AER_OUT/U_fifo/index_i_reg[7]) that has an active asychronous set or reset. This may cause corruption of the memory contents and/or read values when the set/reset is asserted and is not analyzed by the default static timing analysis. It is suggested to eliminate the use of a set/reset to registers driving this RAMB pin or else use a synchronous reset in which the assertion of the reset is timed by default.
Related violations: <none>

REQP-1840#2 Warning
RAMB18 async control check  
The RAMB18E1 design_1_i/OpenNas_Cascade_STER_0/inst/U_AER_Distributed_Monitor/U_AER_OUT/U_fifo/uut/RAM_reg has an input control pin design_1_i/OpenNas_Cascade_STER_0/inst/U_AER_Distributed_Monitor/U_AER_OUT/U_fifo/uut/RAM_reg/ADDRARDADDR[11] (net: design_1_i/OpenNas_Cascade_STER_0/inst/U_AER_Distributed_Monitor/U_AER_OUT/U_fifo/uut/RAM_reg_1[8]) which is driven by a register (design_1_i/OpenNas_Cascade_STER_0/inst/U_AER_Distributed_Monitor/U_AER_OUT/U_fifo/index_i_reg[8]) that has an active asychronous set or reset. This may cause corruption of the memory contents and/or read values when the set/reset is asserted and is not analyzed by the default static timing analysis. It is suggested to eliminate the use of a set/reset to registers driving this RAMB pin or else use a synchronous reset in which the assertion of the reset is timed by default.
Related violations: <none>

REQP-1840#3 Warning
RAMB18 async control check  
The RAMB18E1 design_1_i/OpenNas_Cascade_STER_0/inst/U_AER_Distributed_Monitor/U_AER_OUT/U_fifo/uut/RAM_reg has an input control pin design_1_i/OpenNas_Cascade_STER_0/inst/U_AER_Distributed_Monitor/U_AER_OUT/U_fifo/uut/RAM_reg/ADDRARDADDR[12] (net: design_1_i/OpenNas_Cascade_STER_0/inst/U_AER_Distributed_Monitor/U_AER_OUT/U_fifo/uut/RAM_reg_1[9]) which is driven by a register (design_1_i/OpenNas_Cascade_STER_0/inst/U_AER_Distributed_Monitor/U_AER_OUT/U_fifo/index_i_reg[9]) that has an active asychronous set or reset. This may cause corruption of the memory contents and/or read values when the set/reset is asserted and is not analyzed by the default static timing analysis. It is suggested to eliminate the use of a set/reset to registers driving this RAMB pin or else use a synchronous reset in which the assertion of the reset is timed by default.
Related violations: <none>

REQP-1840#4 Warning
RAMB18 async control check  
The RAMB18E1 design_1_i/OpenNas_Cascade_STER_0/inst/U_AER_Distributed_Monitor/U_AER_OUT/U_fifo/uut/RAM_reg has an input control pin design_1_i/OpenNas_Cascade_STER_0/inst/U_AER_Distributed_Monitor/U_AER_OUT/U_fifo/uut/RAM_reg/ADDRARDADDR[13] (net: design_1_i/OpenNas_Cascade_STER_0/inst/U_AER_Distributed_Monitor/U_AER_OUT/U_fifo/uut/RAM_reg_1[10]) which is driven by a register (design_1_i/OpenNas_Cascade_STER_0/inst/U_AER_Distributed_Monitor/U_AER_OUT/U_fifo/index_i_reg[10]) that has an active asychronous set or reset. This may cause corruption of the memory contents and/or read values when the set/reset is asserted and is not analyzed by the default static timing analysis. It is suggested to eliminate the use of a set/reset to registers driving this RAMB pin or else use a synchronous reset in which the assertion of the reset is timed by default.
Related violations: <none>

REQP-1840#5 Warning
RAMB18 async control check  
The RAMB18E1 design_1_i/OpenNas_Cascade_STER_0/inst/U_AER_Distributed_Monitor/U_AER_OUT/U_fifo/uut/RAM_reg has an input control pin design_1_i/OpenNas_Cascade_STER_0/inst/U_AER_Distributed_Monitor/U_AER_OUT/U_fifo/uut/RAM_reg/ADDRARDADDR[3] (net: design_1_i/OpenNas_Cascade_STER_0/inst/U_AER_Distributed_Monitor/U_AER_OUT/U_fifo/uut/RAM_reg_1[0]) which is driven by a register (design_1_i/OpenNas_Cascade_STER_0/inst/U_AER_Distributed_Monitor/U_AER_OUT/U_fifo/index_i_reg[0]) that has an active asychronous set or reset. This may cause corruption of the memory contents and/or read values when the set/reset is asserted and is not analyzed by the default static timing analysis. It is suggested to eliminate the use of a set/reset to registers driving this RAMB pin or else use a synchronous reset in which the assertion of the reset is timed by default.
Related violations: <none>

REQP-1840#6 Warning
RAMB18 async control check  
The RAMB18E1 design_1_i/OpenNas_Cascade_STER_0/inst/U_AER_Distributed_Monitor/U_AER_OUT/U_fifo/uut/RAM_reg has an input control pin design_1_i/OpenNas_Cascade_STER_0/inst/U_AER_Distributed_Monitor/U_AER_OUT/U_fifo/uut/RAM_reg/ADDRARDADDR[4] (net: design_1_i/OpenNas_Cascade_STER_0/inst/U_AER_Distributed_Monitor/U_AER_OUT/U_fifo/uut/RAM_reg_1[1]) which is driven by a register (design_1_i/OpenNas_Cascade_STER_0/inst/U_AER_Distributed_Monitor/U_AER_OUT/U_fifo/index_i_reg[1]) that has an active asychronous set or reset. This may cause corruption of the memory contents and/or read values when the set/reset is asserted and is not analyzed by the default static timing analysis. It is suggested to eliminate the use of a set/reset to registers driving this RAMB pin or else use a synchronous reset in which the assertion of the reset is timed by default.
Related violations: <none>

REQP-1840#7 Warning
RAMB18 async control check  
The RAMB18E1 design_1_i/OpenNas_Cascade_STER_0/inst/U_AER_Distributed_Monitor/U_AER_OUT/U_fifo/uut/RAM_reg has an input control pin design_1_i/OpenNas_Cascade_STER_0/inst/U_AER_Distributed_Monitor/U_AER_OUT/U_fifo/uut/RAM_reg/ADDRARDADDR[5] (net: design_1_i/OpenNas_Cascade_STER_0/inst/U_AER_Distributed_Monitor/U_AER_OUT/U_fifo/uut/RAM_reg_1[2]) which is driven by a register (design_1_i/OpenNas_Cascade_STER_0/inst/U_AER_Distributed_Monitor/U_AER_OUT/U_fifo/index_i_reg[2]) that has an active asychronous set or reset. This may cause corruption of the memory contents and/or read values when the set/reset is asserted and is not analyzed by the default static timing analysis. It is suggested to eliminate the use of a set/reset to registers driving this RAMB pin or else use a synchronous reset in which the assertion of the reset is timed by default.
Related violations: <none>

REQP-1840#8 Warning
RAMB18 async control check  
The RAMB18E1 design_1_i/OpenNas_Cascade_STER_0/inst/U_AER_Distributed_Monitor/U_AER_OUT/U_fifo/uut/RAM_reg has an input control pin design_1_i/OpenNas_Cascade_STER_0/inst/U_AER_Distributed_Monitor/U_AER_OUT/U_fifo/uut/RAM_reg/ADDRARDADDR[6] (net: design_1_i/OpenNas_Cascade_STER_0/inst/U_AER_Distributed_Monitor/U_AER_OUT/U_fifo/uut/RAM_reg_1[3]) which is driven by a register (design_1_i/OpenNas_Cascade_STER_0/inst/U_AER_Distributed_Monitor/U_AER_OUT/U_fifo/index_i_reg[3]) that has an active asychronous set or reset. This may cause corruption of the memory contents and/or read values when the set/reset is asserted and is not analyzed by the default static timing analysis. It is suggested to eliminate the use of a set/reset to registers driving this RAMB pin or else use a synchronous reset in which the assertion of the reset is timed by default.
Related violations: <none>

REQP-1840#9 Warning
RAMB18 async control check  
The RAMB18E1 design_1_i/OpenNas_Cascade_STER_0/inst/U_AER_Distributed_Monitor/U_AER_OUT/U_fifo/uut/RAM_reg has an input control pin design_1_i/OpenNas_Cascade_STER_0/inst/U_AER_Distributed_Monitor/U_AER_OUT/U_fifo/uut/RAM_reg/ADDRARDADDR[7] (net: design_1_i/OpenNas_Cascade_STER_0/inst/U_AER_Distributed_Monitor/U_AER_OUT/U_fifo/uut/RAM_reg_1[4]) which is driven by a register (design_1_i/OpenNas_Cascade_STER_0/inst/U_AER_Distributed_Monitor/U_AER_OUT/U_fifo/index_i_reg[4]) that has an active asychronous set or reset. This may cause corruption of the memory contents and/or read values when the set/reset is asserted and is not analyzed by the default static timing analysis. It is suggested to eliminate the use of a set/reset to registers driving this RAMB pin or else use a synchronous reset in which the assertion of the reset is timed by default.
Related violations: <none>

REQP-1840#10 Warning
RAMB18 async control check  
The RAMB18E1 design_1_i/OpenNas_Cascade_STER_0/inst/U_AER_Distributed_Monitor/U_AER_OUT/U_fifo/uut/RAM_reg has an input control pin design_1_i/OpenNas_Cascade_STER_0/inst/U_AER_Distributed_Monitor/U_AER_OUT/U_fifo/uut/RAM_reg/ADDRARDADDR[8] (net: design_1_i/OpenNas_Cascade_STER_0/inst/U_AER_Distributed_Monitor/U_AER_OUT/U_fifo/uut/RAM_reg_1[5]) which is driven by a register (design_1_i/OpenNas_Cascade_STER_0/inst/U_AER_Distributed_Monitor/U_AER_OUT/U_fifo/index_i_reg[5]) that has an active asychronous set or reset. This may cause corruption of the memory contents and/or read values when the set/reset is asserted and is not analyzed by the default static timing analysis. It is suggested to eliminate the use of a set/reset to registers driving this RAMB pin or else use a synchronous reset in which the assertion of the reset is timed by default.
Related violations: <none>

REQP-1840#11 Warning
RAMB18 async control check  
The RAMB18E1 design_1_i/OpenNas_Cascade_STER_0/inst/U_AER_Distributed_Monitor/U_AER_OUT/U_fifo/uut/RAM_reg has an input control pin design_1_i/OpenNas_Cascade_STER_0/inst/U_AER_Distributed_Monitor/U_AER_OUT/U_fifo/uut/RAM_reg/ADDRARDADDR[9] (net: design_1_i/OpenNas_Cascade_STER_0/inst/U_AER_Distributed_Monitor/U_AER_OUT/U_fifo/uut/RAM_reg_1[6]) which is driven by a register (design_1_i/OpenNas_Cascade_STER_0/inst/U_AER_Distributed_Monitor/U_AER_OUT/U_fifo/index_i_reg[6]) that has an active asychronous set or reset. This may cause corruption of the memory contents and/or read values when the set/reset is asserted and is not analyzed by the default static timing analysis. It is suggested to eliminate the use of a set/reset to registers driving this RAMB pin or else use a synchronous reset in which the assertion of the reset is timed by default.
Related violations: <none>

REQP-1840#12 Warning
RAMB18 async control check  
The RAMB18E1 design_1_i/OpenNas_Cascade_STER_0/inst/U_AER_Distributed_Monitor/U_AER_OUT/U_fifo/uut/RAM_reg has an input control pin design_1_i/OpenNas_Cascade_STER_0/inst/U_AER_Distributed_Monitor/U_AER_OUT/U_fifo/uut/RAM_reg/ADDRBWRADDR[10] (net: design_1_i/OpenNas_Cascade_STER_0/inst/U_AER_Distributed_Monitor/U_AER_OUT/U_fifo/uut/RAM_reg_2[7]) which is driven by a register (design_1_i/OpenNas_Cascade_STER_0/inst/U_AER_Distributed_Monitor/U_AER_OUT/U_fifo/index_o_reg[7]) that has an active asychronous set or reset. This may cause corruption of the memory contents and/or read values when the set/reset is asserted and is not analyzed by the default static timing analysis. It is suggested to eliminate the use of a set/reset to registers driving this RAMB pin or else use a synchronous reset in which the assertion of the reset is timed by default.
Related violations: <none>

REQP-1840#13 Warning
RAMB18 async control check  
The RAMB18E1 design_1_i/OpenNas_Cascade_STER_0/inst/U_AER_Distributed_Monitor/U_AER_OUT/U_fifo/uut/RAM_reg has an input control pin design_1_i/OpenNas_Cascade_STER_0/inst/U_AER_Distributed_Monitor/U_AER_OUT/U_fifo/uut/RAM_reg/ADDRBWRADDR[11] (net: design_1_i/OpenNas_Cascade_STER_0/inst/U_AER_Distributed_Monitor/U_AER_OUT/U_fifo/uut/RAM_reg_2[8]) which is driven by a register (design_1_i/OpenNas_Cascade_STER_0/inst/U_AER_Distributed_Monitor/U_AER_OUT/U_fifo/index_o_reg[8]) that has an active asychronous set or reset. This may cause corruption of the memory contents and/or read values when the set/reset is asserted and is not analyzed by the default static timing analysis. It is suggested to eliminate the use of a set/reset to registers driving this RAMB pin or else use a synchronous reset in which the assertion of the reset is timed by default.
Related violations: <none>

REQP-1840#14 Warning
RAMB18 async control check  
The RAMB18E1 design_1_i/OpenNas_Cascade_STER_0/inst/U_AER_Distributed_Monitor/U_AER_OUT/U_fifo/uut/RAM_reg has an input control pin design_1_i/OpenNas_Cascade_STER_0/inst/U_AER_Distributed_Monitor/U_AER_OUT/U_fifo/uut/RAM_reg/ADDRBWRADDR[12] (net: design_1_i/OpenNas_Cascade_STER_0/inst/U_AER_Distributed_Monitor/U_AER_OUT/U_fifo/uut/RAM_reg_2[9]) which is driven by a register (design_1_i/OpenNas_Cascade_STER_0/inst/U_AER_Distributed_Monitor/U_AER_OUT/U_fifo/index_o_reg[9]) that has an active asychronous set or reset. This may cause corruption of the memory contents and/or read values when the set/reset is asserted and is not analyzed by the default static timing analysis. It is suggested to eliminate the use of a set/reset to registers driving this RAMB pin or else use a synchronous reset in which the assertion of the reset is timed by default.
Related violations: <none>

REQP-1840#15 Warning
RAMB18 async control check  
The RAMB18E1 design_1_i/OpenNas_Cascade_STER_0/inst/U_AER_Distributed_Monitor/U_AER_OUT/U_fifo/uut/RAM_reg has an input control pin design_1_i/OpenNas_Cascade_STER_0/inst/U_AER_Distributed_Monitor/U_AER_OUT/U_fifo/uut/RAM_reg/ADDRBWRADDR[13] (net: design_1_i/OpenNas_Cascade_STER_0/inst/U_AER_Distributed_Monitor/U_AER_OUT/U_fifo/uut/RAM_reg_2[10]) which is driven by a register (design_1_i/OpenNas_Cascade_STER_0/inst/U_AER_Distributed_Monitor/U_AER_OUT/U_fifo/index_o_reg[10]) that has an active asychronous set or reset. This may cause corruption of the memory contents and/or read values when the set/reset is asserted and is not analyzed by the default static timing analysis. It is suggested to eliminate the use of a set/reset to registers driving this RAMB pin or else use a synchronous reset in which the assertion of the reset is timed by default.
Related violations: <none>

REQP-1840#16 Warning
RAMB18 async control check  
The RAMB18E1 design_1_i/OpenNas_Cascade_STER_0/inst/U_AER_Distributed_Monitor/U_AER_OUT/U_fifo/uut/RAM_reg has an input control pin design_1_i/OpenNas_Cascade_STER_0/inst/U_AER_Distributed_Monitor/U_AER_OUT/U_fifo/uut/RAM_reg/ADDRBWRADDR[5] (net: design_1_i/OpenNas_Cascade_STER_0/inst/U_AER_Distributed_Monitor/U_AER_OUT/U_fifo/uut/RAM_reg_2[2]) which is driven by a register (design_1_i/OpenNas_Cascade_STER_0/inst/U_AER_Distributed_Monitor/U_AER_OUT/U_fifo/index_o_reg[2]) that has an active asychronous set or reset. This may cause corruption of the memory contents and/or read values when the set/reset is asserted and is not analyzed by the default static timing analysis. It is suggested to eliminate the use of a set/reset to registers driving this RAMB pin or else use a synchronous reset in which the assertion of the reset is timed by default.
Related violations: <none>

REQP-1840#17 Warning
RAMB18 async control check  
The RAMB18E1 design_1_i/OpenNas_Cascade_STER_0/inst/U_AER_Distributed_Monitor/U_AER_OUT/U_fifo/uut/RAM_reg has an input control pin design_1_i/OpenNas_Cascade_STER_0/inst/U_AER_Distributed_Monitor/U_AER_OUT/U_fifo/uut/RAM_reg/ADDRBWRADDR[6] (net: design_1_i/OpenNas_Cascade_STER_0/inst/U_AER_Distributed_Monitor/U_AER_OUT/U_fifo/uut/RAM_reg_2[3]) which is driven by a register (design_1_i/OpenNas_Cascade_STER_0/inst/U_AER_Distributed_Monitor/U_AER_OUT/U_fifo/index_o_reg[3]) that has an active asychronous set or reset. This may cause corruption of the memory contents and/or read values when the set/reset is asserted and is not analyzed by the default static timing analysis. It is suggested to eliminate the use of a set/reset to registers driving this RAMB pin or else use a synchronous reset in which the assertion of the reset is timed by default.
Related violations: <none>

REQP-1840#18 Warning
RAMB18 async control check  
The RAMB18E1 design_1_i/OpenNas_Cascade_STER_0/inst/U_AER_Distributed_Monitor/U_AER_OUT/U_fifo/uut/RAM_reg has an input control pin design_1_i/OpenNas_Cascade_STER_0/inst/U_AER_Distributed_Monitor/U_AER_OUT/U_fifo/uut/RAM_reg/ADDRBWRADDR[7] (net: design_1_i/OpenNas_Cascade_STER_0/inst/U_AER_Distributed_Monitor/U_AER_OUT/U_fifo/uut/RAM_reg_2[4]) which is driven by a register (design_1_i/OpenNas_Cascade_STER_0/inst/U_AER_Distributed_Monitor/U_AER_OUT/U_fifo/index_o_reg[4]) that has an active asychronous set or reset. This may cause corruption of the memory contents and/or read values when the set/reset is asserted and is not analyzed by the default static timing analysis. It is suggested to eliminate the use of a set/reset to registers driving this RAMB pin or else use a synchronous reset in which the assertion of the reset is timed by default.
Related violations: <none>

REQP-1840#19 Warning
RAMB18 async control check  
The RAMB18E1 design_1_i/OpenNas_Cascade_STER_0/inst/U_AER_Distributed_Monitor/U_AER_OUT/U_fifo/uut/RAM_reg has an input control pin design_1_i/OpenNas_Cascade_STER_0/inst/U_AER_Distributed_Monitor/U_AER_OUT/U_fifo/uut/RAM_reg/ADDRBWRADDR[8] (net: design_1_i/OpenNas_Cascade_STER_0/inst/U_AER_Distributed_Monitor/U_AER_OUT/U_fifo/uut/RAM_reg_2[5]) which is driven by a register (design_1_i/OpenNas_Cascade_STER_0/inst/U_AER_Distributed_Monitor/U_AER_OUT/U_fifo/index_o_reg[5]) that has an active asychronous set or reset. This may cause corruption of the memory contents and/or read values when the set/reset is asserted and is not analyzed by the default static timing analysis. It is suggested to eliminate the use of a set/reset to registers driving this RAMB pin or else use a synchronous reset in which the assertion of the reset is timed by default.
Related violations: <none>

REQP-1840#20 Warning
RAMB18 async control check  
The RAMB18E1 design_1_i/OpenNas_Cascade_STER_0/inst/U_AER_Distributed_Monitor/U_AER_OUT/U_fifo/uut/RAM_reg has an input control pin design_1_i/OpenNas_Cascade_STER_0/inst/U_AER_Distributed_Monitor/U_AER_OUT/U_fifo/uut/RAM_reg/ADDRBWRADDR[9] (net: design_1_i/OpenNas_Cascade_STER_0/inst/U_AER_Distributed_Monitor/U_AER_OUT/U_fifo/uut/RAM_reg_2[6]) which is driven by a register (design_1_i/OpenNas_Cascade_STER_0/inst/U_AER_Distributed_Monitor/U_AER_OUT/U_fifo/index_o_reg[6]) that has an active asychronous set or reset. This may cause corruption of the memory contents and/or read values when the set/reset is asserted and is not analyzed by the default static timing analysis. It is suggested to eliminate the use of a set/reset to registers driving this RAMB pin or else use a synchronous reset in which the assertion of the reset is timed by default.
Related violations: <none>


